** Drc report for USB thumb drive.kicad_pcb **
** Created on 2026-09-19T19:48:51 **
** Report includes: Errors, Warnings **

** Found 2 DRC violations **
[malformed_courtyard]: Footprint has malformed courtyard (not a closed shape)
    Local override; error
    @(122.4030 mm, 96.8300 mm): Footprint DS1
[malformed_courtyard]: Footprint has malformed courtyard (not a closed shape)
    Local override; error
    @(122.4030 mm, 96.8300 mm): Footprint DS1

** Found 0 unconnected pads **

** Found 0 Footprint errors **

** Ignored checks **
    - Annular width
    - Footprint has no courtyard defined
    - Track endpoint not centered on via
    - Tuning profile track geometries
    - Footprint doesn't match symbol's footprint filters
    - Footprint component type doesn't match footprint pads

** End of Report **
